make: *** No rule to make target `showcommands'.  Stop.
